---
source: gengo/tests/analyzers_tests.rs
expression: results
---
[
    Analyzer {
        language: Language {
            name: "Shell",
            category: Programming,
            color: "#aabbcc",
        },
        matchers: [
            Shebang(
                ShebangMatcher {
                    matchers: [
                        Compiled(
                            Regex(
                                "^#!(?:/usr(?:/local)?)?/bin/(?:env )?(?:sh)$",
                            ),
                        ),
                        Uncompiled(
                            "bash",
                        ),
                    ],
                },
            ),
        ],
        heuristics: [],
        priority: 50,
    },
]
